09:23:48 **** Build of configuration Debug for project Lab9_4pointFFT ****
make pre-build main-build 
a9-linaro-pre-build-step
' '
'Building file: ../src/helloworld.c'
'Invoking: ARM v7 gcc compiler'
arm-none-eabi-gcc -Wall -O0 -g3 -c -fmessage-length=0 -MT"src/helloworld.o" -mcpu=cortex-a9 -mfpu=vfpv3 -mfloat-abi=hard -I../../Lab9_4pointFFT_bsp/ps7_cortexa9_0/include -MMD -MP -MF"src/helloworld.d" -MT"src/helloworld.o" -o "src/helloworld.o" "../src/helloworld.c"
'Finished building: ../src/helloworld.c'
' '
'Building file: ../src/platform.c'
'Invoking: ARM v7 gcc compiler'
arm-none-eabi-gcc -Wall -O0 -g3 -c -fmessage-length=0 -MT"src/platform.o" -mcpu=cortex-a9 -mfpu=vfpv3 -mfloat-abi=hard -I../../Lab9_4pointFFT_bsp/ps7_cortexa9_0/include -MMD -MP -MF"src/platform.d" -MT"src/platform.o" -o "src/platform.o" "../src/platform.c"
'Finished building: ../src/platform.c'
' '
'Building target: Lab9_4pointFFT.elf'
'Invoking: ARM v7 gcc linker'
arm-none-eabi-gcc -mcpu=cortex-a9 -mfpu=vfpv3 -mfloat-abi=hard -Wl,-build-id=none -specs=Xilinx.spec -Wl,-T -Wl,../src/lscript.ld -L../../Lab9_4pointFFT_bsp/ps7_cortexa9_0/lib -o "Lab9_4pointFFT.elf"  ./src/helloworld.o ./src/platform.o   -Wl,--start-group,-lxil,-lgcc,-lc,--end-group
'Finished building target: Lab9_4pointFFT.elf'
' '
'Invoking: ARM v7 Print Size'
arm-none-eabi-size Lab9_4pointFFT.elf  |tee "Lab9_4pointFFT.elf.size"
   text	   data	    bss	    dec	    hex	filename
  19064	   1144	  22568	  42776	   a718	Lab9_4pointFFT.elf
'Finished building: Lab9_4pointFFT.elf.size'
' '

09:23:51 Build Finished (took 2s.668ms)

